---
source: tests/integration_rust/add_tests.rs
expression: project.manifest().source.to_string()
---
[workspace]
name = "some-workspace"
platforms = []
channels = ['file:///var/folders/rf/kyk8v0zd3993kvjg2p373plm0000gn/T/.tmp38YpY6']
preview = ['pixi-build']

[dependencies]
foo = "*"
