---
source: crates/pixi_glob/src/glob_hash.rs
expression: snapshot
---
Globs:
- tests/data/satisfiability/source-dependency/**/*
Hash: 218e03654fe6ebe41d9488d62e24584d118e8bbc06aa054d6b64d2538abc6d01
Matched files:
- tests/data/satisfiability/source-dependency/child-package/pixi.toml
- tests/data/satisfiability/source-dependency/pixi.lock
- tests/data/satisfiability/source-dependency/pixi.toml
