---
source: crates/pixi_glob/src/glob_hash.rs
expression: snapshot
---
Globs:
- tests/data/satisfiability/source-dependency/**/*
- !tests/data/satisfiability/source-dependency/**/*.lock
Hash: d0ddcb9b7cb2d9174875232dfa29e52f6e1b8e43cdcae03fea11af0177c4c2d7
Matched files:
- tests/data/satisfiability/source-dependency/child-package/pixi.toml
- tests/data/satisfiability/source-dependency/pixi.toml
