---
source: crates/pixi_glob/src/glob_hash.rs
expression: snapshot
---
Globs:
- tests/data/satisfiability/source-dependency/pixi.toml
Hash: 3fd25b6fc88a942ba43885b4b561385b819d879ffe28fc64a06beec4fa87a757
Matched files:
- tests/data/satisfiability/source-dependency/pixi.toml
